 RFZ-CLI v1.0.0                                                                     2:30:00 PM | Deutsche Bahn Internal     
 Terminal Orchestration Tool                                                                                                
────────────────────────────────────────────────────────────────────────────────────────────────────────────────────────    
                                                                                                                            
┌──────────────────────────────┐┌──────────────────────────────────────────────────────────────────────────────────────────┐
│ Navigation                   ││ Build                                                                                    │
│ ──────────────────────────   ││ ╭──────────────────────────────────────────────────────────────────────────────────────╮ │
│ › 1. Build Components        ││ │ Build Execution                                                                      │ │
│   2. View Logs  2            ││ │ $ mvn clean install -Ptarget_env_dev,use_traktion_11090 -DskipTests                  │ │
│   3. Discover  3             ││ ╰──────────────────────────────────────────────────────────────────────────────────────╯ │
│   4. Configuration  4        ││                                                                                          │
│   5. Exit  q                 ││ ╭──────────────────────────────────────────────────────────────────────────────────────╮ │
│ ──────────────────────────   ││ │ Components                                                                           │ │
│ ↑/k Up  ↓/j Down             ││ │     St  Component           Phase       Progress              Time                   │ │
│                              ││ │ ──────────────────────────────────────────────────────────────────────               │ │
│                              ││ │ >   ●   boss                Packaging   ██████████░░░░░░00:12                        │ │
│                              ││ │ ├── ●   konfiguration       Compiling   █████░░░░░░░░░░░00:05                        │ │
│                              ││ │ ├── ○   strecke             Pending     waiting...            00:00                  │ │
│                              ││ ╰──────────────────────────────────────────────────────────────────────────────────────╯ │
│                              ││                                                                                          │
│                              ││ ╭──────────────────────────────────────────────────────────────────────────────────────╮ │
│                              ││ │ Progress                                                                             │ │
│                              ││ │ Overall:  ░░░░░░░░░░░░░░░░░░░░░░░░░░░░░░░░░░░░░░░░░░░░░░░░░░░░░░░░   0%              │ │
│                              ││ │  ● Running: 2    ✓ Success: 0    ✗ Failed: 0    ○ Pending: 1                         │ │
│                              ││ ╰──────────────────────────────────────────────────────────────────────────────────────╯ │
│                              ││                                                                                          │
│                              ││ ╭──────────────────────────────────────────────────────────────────────────────────────╮ │
│                              ││ │ Actions                                                                              │ │
│                              ││ │ [View Logs]  l   [Cancel Build]  Esc                                                 │ │
│                              ││ ╰──────────────────────────────────────────────────────────────────────────────────────╯ │
│                              ││                                                                                          │
│                              ││                                                                                          │
│                              ││                                                                                          │
│                              ││                                                                                          │
│                              ││                                                                                          │
│                              ││                                                                                          │
│                              ││                                                                                          │
│                              ││                                                                                          │
└──────────────────────────────┘└──────────────────────────────────────────────────────────────────────────────────────────┘
  BUILD   Build Running                                                                 ↑↓ Navigate  Esc Cancel  q Quit     