 RFZ-CLI v1.0.0                                                                     2:30:00 PM | Deutsche Bahn Internal     
 Terminal Orchestration Tool                                                                                                
────────────────────────────────────────────────────────────────────────────────────────────────────────────────────────    
                                                                                                                            
┌──────────────────────────────┐┌──────────────────────────────────────────────────────────────────────────────────────────┐
│ Navigation                   ││ Build                                                                                    │
│ ──────────────────────────   ││ ╭──────────────────────────────────────────────────────────────────────────────────────╮ │
│ › 1. Build Components        ││ │ Build Execution                                                                      │ │
│   2. View Logs  2            ││ │ $ mvn clean install -Ptarget_env_dev,use_traktion_11090 -DskipTests                  │ │
│   3. Discover  3             ││ │                                                                                      │ │
│   4. Configuration  4        ││ │ Status     Component           Phase       Progress              Time                │ │
│   5. Exit  q                 ││ │ ─────────────────────────────────────────────────────────────────────────            │ │
│ ──────────────────────────   ││ │ >  RUNNING   boss                Packaging   ██████████░░░░░░00:12                   │ │
│ ↑/k Up  ↓/j Down             ││ │    RUNNING   konfiguration       Compiling   █████░░░░░░░░░░░00:05                   │ │
│                              ││ │    PENDING   strecke             Pending     waiting...            00:00             │ │
│                              ││ │                                                                                      │ │
│                              ││ │ Overall Progress  ░░░░░░░░░░░░░░░░░░░░░░░░░░░░░░░░░░░░░░░░░░░░░░░░░░░░░░░░   0%      │ │
│                              ││ │                                                                                      │ │
│                              ││ │ 2 Running    0 Success    0 Failed    1 Pending                                      │ │
│                              ││ ╰──────────────────────────────────────────────────────────────────────────────────────╯ │
│                              ││                                                                                          │
│                              ││ ╭──────────────────────────────────────────────────────────────────────────────────────╮ │
│                              ││ │ Actions                                                                              │ │
│                              ││ │ [View Logs]  l   [Cancel Build]  Esc                                                 │ │
│                              ││ ╰──────────────────────────────────────────────────────────────────────────────────────╯ │
│                              ││                                                                                          │
│                              ││                                                                                          │
│                              ││                                                                                          │
│                              ││                                                                                          │
│                              ││                                                                                          │
│                              ││                                                                                          │
│                              ││                                                                                          │
│                              ││                                                                                          │
│                              ││                                                                                          │
│                              ││                                                                                          │
│                              ││                                                                                          │
│                              ││                                                                                          │
│                              ││                                                                                          │
└──────────────────────────────┘└──────────────────────────────────────────────────────────────────────────────────────────┘
  BUILD   Build Running                                                                 ↑↓ Navigate  Esc Cancel  q Quit     