────────────────────────────────────────────────────────────────────────────────────────────────────────────────────────
 RFZ-CLI v1.0.0                                                                     2:30:00 PM | Deutsche Bahn Internal 
 Terminal Orchestration Tool                                                                                            
                                                                                                                        
┌────────────────────────────┐┌────────────────────────────────────────────────────────────────────────────────────────┐
│ Navigation                 ││ Build                                                                                  │
│ ────────────────────────── ││ ╭────────────────────────────────────────────────────────────────────────────────────╮ │
│ › 1. Build Components    1 ││ │ Build Execution                                                                    │ │
│   2. View Logs           2 ││ │ $ mvn clean install -Ptarget_env_dev,use_traktion_11090 -DskipTests                │ │
│   3. Discover            3 ││ ╰────────────────────────────────────────────────────────────────────────────────────╯ │
│   4. Configuration       4 ││                                                                                        │
│   5. Exit                q ││ ╭────────────────────────────────────────────────────────────────────────────────────╮ │
│ ────────────────────────── ││ │ Components                                                                         │ │
│ ├── ↑/k Up                 ││ │    St  Component                                       Phase        Progress  Time │ │
│ ├── ↓/j Down               ││ │ ────────────────────────────────────────────────────────────────────────────────── │ │
│ ├── Enter Select           ││ │ >  ✓   boss                                             Done  ⣿⣿⣿⣿⣿⣿⣿⣿⣿⣿⣿⣿⣿⣿ 00:45 │ │
│ └── 1-5 Quick nav          ││ │ ├─ ✓   konfiguration                                    Done  ⣿⣿⣿⣿⣿⣿⣿⣿⣿⣿⣿⣿⣿⣿ 00:38 │ │
└────────────────────────────┘│ │ └─ ✗   strecke                                        Failed  ⣿⣿⣿⣿⣿⣿⣿⣿⣿⣿⣿⣿⣿⣿ 00:22 │ │
                              │ ╰────────────────────────────────────────────────────────────────────────────────────╯ │
                              │                                                                                        │
                              │ ╭────────────────────────────────────────────────────────────────────────────────────╮ │
                              │ │ Progress                                                                           │ │
                              │ │ Overall:  ██████████████████████████████████████████████████████ 100%              │ │
                              │ │  ✓ Success: 2    ✗ Failed: 1                                                       │ │
                              │ ╰────────────────────────────────────────────────────────────────────────────────────╯ │
                              │                                                                                        │
                              │ ╭────────────────────────────────────────────────────────────────────────────────────╮ │
                              │ │ Actions                                                                            │ │
                              │ │ [View Logs]  l   [Rebuild Failed]  r   [Back]  Esc                Tab Switch Focus │ │
                              │ ╰────────────────────────────────────────────────────────────────────────────────────╯ │
                              │                                                                                        │
                              │                                                                                        │
                              │                                                                                        │
                              │                                                                                        │
                              │                                                                                        │
                              │                                                                                        │
                              │                                                                                        │
                              │                                                                                        │
                              └────────────────────────────────────────────────────────────────────────────────────────┘
  DONE   boss   COMPLETE                                              Tab Switch Focus | ↑↓ Navigate | Esc Back  q Quit 