 RFZ-CLI v1.0.0                                                                     2:30:00 PM | Deutsche Bahn Internal     
 Terminal Orchestration Tool                                                                                                
────────────────────────────────────────────────────────────────────────────────────────────────────────────────────────    
                                                                                                                            
┌──────────────────────────────┐┌──────────────────────────────────────────────────────────────────────────────────────────┐
│ Navigation                   ││ Build                                                                                    │
│ ──────────────────────────   ││ ╭──────────────────────────────────────────────────────────────────────────────────────╮ │
│ › 1. Build Components        ││ │ Build Execution                                                                      │ │
│   2. View Logs  2            ││ │ $ mvn clean install -Ptarget_env_dev,use_traktion_11090 -DskipTests                  │ │
│   3. Discover  3             ││ │                                                                                      │ │
│   4. Configuration  4        ││ │ Status     Component           Phase       Progress              Time                │ │
│   5. Exit  q                 ││ │ ─────────────────────────────────────────────────────────────────────────            │ │
│ ──────────────────────────   ││ │ >  SUCCESS   boss                Done        complete              00:45             │ │
│ ↑/k Up  ↓/j Down             ││ │    SUCCESS   konfiguration       Done        complete              00:38             │ │
│                              ││ │    FAILED    strecke             Failed      failed                00:22             │ │
│                              ││ │                                                                                      │ │
│                              ││ │ Overall Progress  ████████████████████████████████████████████████████████ 100%      │ │
│                              ││ │                                                                                      │ │
│                              ││ │ 0 Running    2 Success    1 Failed    0 Pending                                      │ │
│                              ││ ╰──────────────────────────────────────────────────────────────────────────────────────╯ │
│                              ││                                                                                          │
│                              ││ ╭──────────────────────────────────────────────────────────────────────────────────────╮ │
│                              ││ │ Actions                                                                              │ │
│                              ││ │ [New Build]  n                                          n New Build  ↑↓ Navigate     │ │
│                              ││ ╰──────────────────────────────────────────────────────────────────────────────────────╯ │
│                              ││                                                                                          │
│                              ││                                                                                          │
│                              ││                                                                                          │
│                              ││                                                                                          │
│                              ││                                                                                          │
│                              ││                                                                                          │
│                              ││                                                                                          │
│                              ││                                                                                          │
│                              ││                                                                                          │
│                              ││                                                                                          │
│                              ││                                                                                          │
│                              ││                                                                                          │
│                              ││                                                                                          │
└──────────────────────────────┘└──────────────────────────────────────────────────────────────────────────────────────────┘
  DONE   Build Complete                                                                n New Build  ↑↓ Navigate  q Quit     