                                                                                                                        
                                                                                                                        
       ╔════════════════════════════════════════════════════════════════════════════════════════════════════════╗       
       ║                                                                                                        ║       
       ║                                         Build Configuration                                            ║       
       ║ ────────────────────────────────────────────────────────────────────────────────────────────────────   ║       
       ║ Building 13 components: boss, fistiv, audiocon, traktion, signalsteuerung, weichensteuerung,           ║       
       ║ simkern, fahrdynamik, energierechnung, zuglauf, stellwerk, diagnose, konfiguration                     ║       
       ║                                                                                                        ║       
       ║ ╭─ Maven Goal ───────────────────────────────────────────────────────────────────────────────────╮     ║       
       ║ │ ◯ clean  ◯ install  ◯ package  ◉ clean install                                                 │     ║       
       ║ │ ←→ or h/l to select                                                                            │     ║       
       ║ ╰────────────────────────────────────────────────────────────────────────────────────────────────╯     ║       
       ║ ╭─ Maven Profiles (multi-select) ────────────────────────────────────────────────────────────────╮     ║       
       ║ │   ☑ target_env_dev                                                                             │     ║       
       ║ │   ☐ generate_local_config_files                                                                │     ║       
       ║ │ ↑↓ navigate | Space toggle                                                                     │     ║       
       ║ ╰────────────────────────────────────────────────────────────────────────────────────────────────╯     ║       
       ║ ╭─ Traktion Port ────────────────────────────────────────────────────────────────────────────────╮     ║       
       ║ │ ◉ Port 11090  ◯ Port 11091                                                                     │     ║       
       ║ │ ←→ or h/l to select | Appends use_traktion_* profile                                           │     ║       
       ║ ╰────────────────────────────────────────────────────────────────────────────────────────────────╯     ║       
       ║ ╭─ Build Options ────────────────────────────────────────────────────────────────────────────────╮     ║       
       ║ │   ☑ Skip Tests  (adds -DskipTests)                                                             │     ║       
       ║ │ Space or Enter to toggle                                                                       │     ║       
       ║ ╰────────────────────────────────────────────────────────────────────────────────────────────────╯     ║       
       ║                                                                                                        ║       
       ║ ╭─ Command Preview ──────────────────────────────────────────────────────────────────────────────╮     ║       
       ║ │ $ mvn clean install -Ptarget_env_dev,use_traktion_11090 -DskipTests                            │     ║       
       ║ ╰────────────────────────────────────────────────────────────────────────────────────────────────╯     ║       
       ║                                                                                                        ║       
       ║ ──────────────────────────────────────────────────────────────────────────────────────────────────     ║       
       ║                                                                                                        ║       
       ║                              [Cancel]  Esc      [Start Build]  Enter                                   ║       
       ║                                                                                                        ║       
       ║                    Tab Switch sections | Enter Confirm | Esc Cancel                                    ║       
       ║                                                                                                        ║       
       ╚════════════════════════════════════════════════════════════════════════════════════════════════════════╝       
                                                                                                                        
                                                                                                                        