                                                            
                                                            
                                                            
                                                            
                                                            
                                                            
                                                            
    Terminal too small. Please resize to at least 80x24.    
                                                            
                                                            
                                                            
                                                            
                                                            
                                                            
                                                            