────────────────────────────────────────────────────────────────────────────────────────────────────────────────────────
 RFZ-CLI v1.0.0                                                                     2:30:00 PM | Deutsche Bahn Internal 
 Terminal Orchestration Tool                                                                                            
                                                                                                                        
┌────────────────────────────┐┌────────────────────────────────────────────────────────────────────────────────────────┐
│ Navigation                 ││                                                                                        │
│ ────────────────────────── ││                                                                                        │
│   1. Build Components    1 ││                                                                                        │
│   2. View Logs           2 ││                                                                                        │
│   3. Discover            3 ││                                                                                        │
│   4. Configuration       4 ││                     ██████╗  ███████╗ ███████╗  ██████╗ ██╗     ██╗                    │
│ › 5. Exit                q ││                     ██╔══██╗ ██╔════╝ ╚══███╔╝ ██╔════╝ ██║     ██║                    │
│ ────────────────────────── ││                     ██████╔╝ █████╗     ███╔╝  ██║      ██║     ██║                    │
│ ├── ↑/k Up                 ││                     ██╔══██╗ ██╔══╝    ███╔╝   ██║      ██║     ██║                    │
│ ├── ↓/j Down               ││                     ██║  ██║ ██║      ███████╗ ╚██████╗ ███████╗██║                    │
│ ├── Enter Select           ││                     ╚═╝  ╚═╝ ╚═╝      ╚══════╝  ╚═════╝ ╚══════╝╚═╝                    │
│ └── 1-5 Quick nav          ││                                                                                        │
└────────────────────────────┘│                              Terminal Orchestration Tool                               │
                              │                                                                                        │
                              │                   "First, solve the problem. Then, write the code."                    │
                              │                                                                                        │
                              │                             ⣿⣿⣿⣿⣿⣿⣿⣿⣿⣿⣿⣿⣿⣿⣿⣿⣿⣿⣿⣿⣿⣿⣿⣿⣿⣿⣿⣿⣿⣿                             │
                              │                                                                                        │
                              │                         v1.0.0   Deutsche Bahn   Internal Tool                         │
                              │                                                                                        │
                              │                                    $ rfz-cli ready                                     │
                              │                                                                                        │
                              │                          Use navigation panel to get started                           │
                              │                                                                                        │
                              │                                   ├── ↑↓/jk navigate                                   │
                              │                                    ├── Enter select                                    │
                              │                                       └── q quit                                       │
                              │                                                                                        │
                              │                                                                                        │
                              │                                                                                        │
                              │                                                                                        │
                              │                                                                                        │
                              │                                                                                        │
                              └────────────────────────────────────────────────────────────────────────────────────────┘
  HOME   Exit                                                      Tab Focus | ↑↓ Nav | Enter Select | Esc Back  q Quit 