────────────────────────────────────────────────────────────────────────────────────────────────────────────────────────
 RFZ-CLI v1.0.0                                                                     2:30:00 PM | Deutsche Bahn Internal 
 Terminal Orchestration Tool                                                                                            
                                                                                                                        
┌────────────────────────────┐┌────────────────────────────────────────────────────────────────────────────────────────┐
│ Navigation                 ││                                                                                        │
│ ────────────────────────── ││                                                                                        │
│   1. Build Components    1 ││                                                                                        │
│   2. View Logs           2 ││                                                                                        │
│   3. Discover            3 ││                                                                                        │
│ › 4. Configuration       4 ││                                                                                        │
│   5. Exit                q ││                                                                                        │
│ ────────────────────────── ││                                                                                        │
│ ├── ↑/k Up                 ││                                                                                        │
│ ├── ↓/j Down               ││                                                                                        │
│ ├── Enter Select           ││                                                                                        │
│ └── 1-5 Quick nav          ││                                                                                        │
└────────────────────────────┘│                                                                                        │
                              │                                                                                        │
                              │                                                                                        │
                              │                               Configuration - Coming Soon                              │
                              │                                                                                        │
                              │                             Press Esc to return to Welcome                             │
                              │                                                                                        │
                              │                                                                                        │
                              │                                                                                        │
                              │                                                                                        │
                              │                                                                                        │
                              │                                                                                        │
                              │                                                                                        │
                              │                                                                                        │
                              │                                                                                        │
                              │                                                                                        │
                              │                                                                                        │
                              │                                                                                        │
                              │                                                                                        │
                              │                                                                                        │
                              │                                                                                        │
                              └────────────────────────────────────────────────────────────────────────────────────────┘
  HOME   Configuration                                             Tab Focus | ↑↓ Nav | Enter Select | Esc Back  q Quit 