 RFZ-CLI v1.0.0                                                                     2:30:00 PM | Deutsche Bahn Internal     
 Terminal Orchestration Tool                                                                                                
────────────────────────────────────────────────────────────────────────────────────────────────────────────────────────    
                                                                                                                            
┌──────────────────────────────┐┌──────────────────────────────────────────────────────────────────────────────────────────┐
│ Navigation                   ││ Build                                                                                    │
│ ──────────────────────────   ││ ╭──────────────────────────────────────────────────────────────────────────────────────╮ │
│ › 1. Build Components        ││ │ Build RFZ Components                                                                 │ │
│   2. View Logs  2            ││ │ Select components to build (0/13 selected)                 Space Toggle  a All  n    │ │
│   3. Discover  3             ││ │ None                                                                                 │ │
│   4. Configuration  4        ││ │                                                                                      │ │
│   5. Exit  q                 ││ │ › ☐ boss  Core                                                                       │ │
│ ──────────────────────────   ││ │   ☐ fistiv  Core                                                                     │ │
│ ↑/k Up  ↓/j Down             ││ │   ☐ audiocon  Standalone                                                             │ │
│                              ││ │   ☐ traktion  Core                                                                   │ │
│                              ││ │   ☐ signalsteuerung  Core                                                            │ │
│                              ││ │   ☐ weichensteuerung  Core                                                           │ │
│                              ││ │   ☐ simkern  Simulation                                                              │ │
│                              ││ │   ☐ fahrdynamik  Simulation                                                          │ │
│                              ││ │   ☐ energierechnung  Simulation                                                      │ │
│                              ││ │   ☐ zuglauf  Simulation                                                              │ │
│                              ││ │   ☐ stellwerk  Core                                                                  │ │
│                              ││ │   ☐ diagnose  Standalone                                                             │ │
│                              ││ │   ☐ konfiguration  Standalone                                                        │ │
│                              ││ ╰──────────────────────────────────────────────────────────────────────────────────────╯ │
│                              ││                                                                                          │
│                              ││ ╭──────────────────────────────────────────────────────────────────────────────────────╮ │
│                              ││ │ Actions                                                                              │ │
│                              ││ │ [Build Selected]  Enter     [Select All]  a     [Clear Selection]  n  Tab Switch     │ │
│                              ││ │ focus                                                                                │ │
│                              ││ ╰──────────────────────────────────────────────────────────────────────────────────────╯ │
│                              ││                                                                                          │
│                              ││ [x] Selected    [ ] Not selected    > Current                                            │
│                              ││                                                                                          │
│                              ││                                                                                          │
│                              ││                                                                                          │
│                              ││                                                                                          │
│                              ││                                                                                          │
└──────────────────────────────┘└──────────────────────────────────────────────────────────────────────────────────────────┘
  HOME   Build Components                                             Tab Focus  ↑↓ Nav  Enter Select  Esc Back  q Quit     