                                                                                                                        
                                                                                                                        
                                                                                                                        
                                                                                                                        
                                                                                                                        
                                                                                                                        
                                                                                                                        
                                                                                                                        
                                                                                                                        
                                                                                                                        
                                                                                                                        
                                                                                                                        
                                                                                                                        
                                                                                                                        
                                                                                                                        
                             ╔════════════════════════════════════════════════════════════╗                             
                             ║                                                            ║                             
                             ║                      Quit RFZ-CLI?                         ║                             
                             ║ ────────────────────────────────────────────────────────   ║                             
                             ║ Are you sure you want to quit?                             ║                             
                             ║ ────────────────────────────────────────────────────────   ║                             
                             ║                  [Yes]  y      [No]   n                    ║                             
                             ║                                                            ║                             
                             ╚════════════════════════════════════════════════════════════╝                             
                                                                                                                        
                                                                                                                        
                                                                                                                        
                                                                                                                        
                                                                                                                        
                                                                                                                        
                                                                                                                        
                                                                                                                        
                                                                                                                        
                                                                                                                        
                                                                                                                        
                                                                                                                        
                                                                                                                        
                                                                                                                        
                                                                                                                        
                                                                                                                        