 Name                  Type        Status     
──────────────────────────────────────────────
  rfz-core              Core        Running     
                                                
                                                
                                                
                                                