╔══════════════════════════════════════════════════╗
║                                                  ║
║              Delete Confirmation                 ║
║ ──────────────────────────────────────────────   ║
║ This action cannot be undone.                    ║
║ ──────────────────────────────────────────────   ║
║       [Cancel]   Esc     [Delete]  Enter         ║
║                                                  ║
╚══════════════════════════════════════════════════╝