╔════════════════════════════════════════════════════════════╗
║                                                            ║
║                   Build Configuration                      ║
║ ────────────────────────────────────────────────────────   ║
║ Ready to start the build?                                  ║
║ ────────────────────────────────────────────────────────   ║
║          [Cancel]  Esc     [Start Build]  Enter            ║
║                                                            ║
╚════════════════════════════════════════════════════════════╝