╔══════════════════════════════════════════════════╗
║                                                  ║
║                  Fixed Height                    ║
║ ──────────────────────────────────────────────   ║
║ Short content in a tall modal.                   ║
║                                                  ║
║                                                  ║
║                                                  ║
║                                                  ║
║                                                  ║
║                                                  ║
║                                                  ║
║                                                  ║
║                                                  ║
║                                                  ║
║                                                  ║
║                                                  ║
║                                                  ║
║                                                  ║
║                                                  ║
║                                                  ║
╚══════════════════════════════════════════════════╝