                                                                                                                        
                                                                                                                        
                                                                                                                        
                                                                                                                        
                                                                                                                        
                                                                                                                        
                                                                                                                        
                                                                                                                        
                                                                                                                        
                                                                                                                        
                                                                                                                        
                                                                                                                        
                                                                                                                        
                                                                                                                        
                                                                                                                        
                                       ╔════════════════════════════════════════╗                                       
                                       ║                                        ║                                       
                                       ║               Confirm                  ║                                       
                                       ║ ────────────────────────────────────   ║                                       
                                       ║ Are you sure?                          ║                                       
                                       ║ ────────────────────────────────────   ║                                       
                                       ║     [No]  Esc      [Yes]   Enter       ║                                       
                                       ║                                        ║                                       
                                       ╚════════════════════════════════════════╝                                       
                                                                                                                        
                                                                                                                        
                                                                                                                        
                                                                                                                        
                                                                                                                        
                                                                                                                        
                                                                                                                        
                                                                                                                        
                                                                                                                        
                                                                                                                        
                                                                                                                        
                                                                                                                        
                                                                                                                        
                                                                                                                        
                                                                                                                        
                                                                                                                        