╔══════════════════════════════════════════════════╗
║                                                  ║
║                  Information                     ║
║ ──────────────────────────────────────────────   ║
║ This is an informational modal with no           ║
║ actions.                                         ║
║                                                  ║
╚══════════════════════════════════════════════════╝