╔════════════════════════════════════════╗
║                                        ║
║ Content without a title.               ║
║ ────────────────────────────────────   ║
║             [OK]   Enter               ║
║                                        ║
╚════════════════════════════════════════╝