╔════════════════════════════════════════════════════════════╗
║                                                            ║
║                   Build Configuration                      ║
║ ────────────────────────────────────────────────────────   ║
║ Select your build options below.                           ║
║                                                            ║
╚════════════════════════════════════════════════════════════╝