╔════════════════════════════════════════════════════════════╗
║                                                            ║
║                   Default Width Modal                      ║
║ ────────────────────────────────────────────────────────   ║
║ This uses the default width of 60.                         ║
║                                                            ║
╚════════════════════════════════════════════════════════════╝