 Name                  Type        Status     
──────────────────────────────────────────────
  rfz-core              Core        Running     
 rfz-api               Plugin      Stopped      
 rfz-web               Plugin      Running      
                                                
                                                